    9    6    6    1    2    2    6    0bc   -4
Completion took 8573 ms